000 (127448.000.000) 05/10 15:40:00 Job submitted from host: <192.168.100.50:50435>
...
001 (127448.000.000) 05/10 15:40:19 Job executing on host: <192.168.100.59:51381>
...
006 (127448.000.000) 05/10 15:40:21 Image size of job updated: 2
	0  -  MemoryUsage of job (MB)
	0  -  ResidentSetSize of job (KB)
...
005 (127448.000.000) 05/10 15:40:21 Job terminated.
	(1) Normal termination (return value 1)
		Usr 0 00:00:00, Sys 0 00:00:00  -  Run Remote Usage
		Usr 0 00:00:00, Sys 0 00:00:00  -  Run Local Usage
		Usr 0 00:00:00, Sys 0 00:00:00  -  Total Remote Usage
		Usr 0 00:00:00, Sys 0 00:00:00  -  Total Local Usage
	0  -  Run Bytes Sent By Job
	0  -  Run Bytes Received By Job
	0  -  Total Bytes Sent By Job
	0  -  Total Bytes Received By Job
	Partitionable Resources :    Usage  Request          
	   Cpus                 :                 1          
	   Disk (KB)            :        2        2          
	   Memory (MB)          :        0     1024          
...
000 (127449.000.000) 05/10 15:41:17 Job submitted from host: <192.168.100.50:50435>
...
001 (127449.000.000) 05/10 15:41:48 Job executing on host: <192.168.100.59:51381>
...
006 (127449.000.000) 05/10 15:41:49 Image size of job updated: 2
	0  -  MemoryUsage of job (MB)
	0  -  ResidentSetSize of job (KB)
...
005 (127449.000.000) 05/10 15:41:49 Job terminated.
	(1) Normal termination (return value 0)
		Usr 0 00:00:00, Sys 0 00:00:00  -  Run Remote Usage
		Usr 0 00:00:00, Sys 0 00:00:00  -  Run Local Usage
		Usr 0 00:00:00, Sys 0 00:00:00  -  Total Remote Usage
		Usr 0 00:00:00, Sys 0 00:00:00  -  Total Local Usage
	0  -  Run Bytes Sent By Job
	0  -  Run Bytes Received By Job
	0  -  Total Bytes Sent By Job
	0  -  Total Bytes Received By Job
	Partitionable Resources :    Usage  Request          
	   Cpus                 :                 1          
	   Disk (KB)            :        2        2          
	   Memory (MB)          :        0     1024          
...
000 (127450.000.000) 05/10 15:42:22 Job submitted from host: <192.168.100.50:50435>
...
001 (127450.000.000) 05/10 15:42:39 Job executing on host: <192.168.100.59:51381>
...
006 (127450.000.000) 05/10 15:42:40 Image size of job updated: 2
	0  -  MemoryUsage of job (MB)
	0  -  ResidentSetSize of job (KB)
...
005 (127450.000.000) 05/10 15:42:40 Job terminated.
	(1) Normal termination (return value 0)
		Usr 0 00:00:00, Sys 0 00:00:00  -  Run Remote Usage
		Usr 0 00:00:00, Sys 0 00:00:00  -  Run Local Usage
		Usr 0 00:00:00, Sys 0 00:00:00  -  Total Remote Usage
		Usr 0 00:00:00, Sys 0 00:00:00  -  Total Local Usage
	0  -  Run Bytes Sent By Job
	0  -  Run Bytes Received By Job
	0  -  Total Bytes Sent By Job
	0  -  Total Bytes Received By Job
	Partitionable Resources :    Usage  Request          
	   Cpus                 :                 1          
	   Disk (KB)            :        2        2          
	   Memory (MB)          :        0     1024          
...
000 (127451.000.000) 05/10 15:42:56 Job submitted from host: <192.168.100.50:50435>
...
001 (127451.000.000) 05/10 15:42:59 Job executing on host: <192.168.100.59:51381>
...
006 (127451.000.000) 05/10 15:43:01 Image size of job updated: 2
	0  -  MemoryUsage of job (MB)
	0  -  ResidentSetSize of job (KB)
...
005 (127451.000.000) 05/10 15:43:01 Job terminated.
	(1) Normal termination (return value 0)
		Usr 0 00:00:00, Sys 0 00:00:00  -  Run Remote Usage
		Usr 0 00:00:00, Sys 0 00:00:00  -  Run Local Usage
		Usr 0 00:00:00, Sys 0 00:00:00  -  Total Remote Usage
		Usr 0 00:00:00, Sys 0 00:00:00  -  Total Local Usage
	0  -  Run Bytes Sent By Job
	0  -  Run Bytes Received By Job
	0  -  Total Bytes Sent By Job
	0  -  Total Bytes Received By Job
	Partitionable Resources :    Usage  Request          
	   Cpus                 :                 1          
	   Disk (KB)            :        2        2          
	   Memory (MB)          :        0     1024          
...
000 (127452.000.000) 05/10 15:43:57 Job submitted from host: <192.168.100.50:50435>
...
001 (127452.000.000) 05/10 15:43:57 Job executing on host: <192.168.100.59:51381>
...
006 (127452.000.000) 05/10 15:43:59 Image size of job updated: 2
	0  -  MemoryUsage of job (MB)
	0  -  ResidentSetSize of job (KB)
...
005 (127452.000.000) 05/10 15:43:59 Job terminated.
	(1) Normal termination (return value 0)
		Usr 0 00:00:00, Sys 0 00:00:00  -  Run Remote Usage
		Usr 0 00:00:00, Sys 0 00:00:00  -  Run Local Usage
		Usr 0 00:00:00, Sys 0 00:00:00  -  Total Remote Usage
		Usr 0 00:00:00, Sys 0 00:00:00  -  Total Local Usage
	0  -  Run Bytes Sent By Job
	0  -  Run Bytes Received By Job
	0  -  Total Bytes Sent By Job
	0  -  Total Bytes Received By Job
	Partitionable Resources :    Usage  Request          
	   Cpus                 :                 1          
	   Disk (KB)            :        2        2          
	   Memory (MB)          :        0     1024          
...
000 (127453.000.000) 05/10 15:45:59 Job submitted from host: <192.168.100.50:50435>
...
001 (127453.000.000) 05/10 15:46:17 Job executing on host: <192.168.100.59:51381>
...
006 (127453.000.000) 05/10 15:46:19 Image size of job updated: 2
	0  -  MemoryUsage of job (MB)
	0  -  ResidentSetSize of job (KB)
...
005 (127453.000.000) 05/10 15:46:19 Job terminated.
	(1) Normal termination (return value 0)
		Usr 0 00:00:00, Sys 0 00:00:00  -  Run Remote Usage
		Usr 0 00:00:00, Sys 0 00:00:00  -  Run Local Usage
		Usr 0 00:00:00, Sys 0 00:00:00  -  Total Remote Usage
		Usr 0 00:00:00, Sys 0 00:00:00  -  Total Local Usage
	0  -  Run Bytes Sent By Job
	0  -  Run Bytes Received By Job
	0  -  Total Bytes Sent By Job
	0  -  Total Bytes Received By Job
	Partitionable Resources :    Usage  Request          
	   Cpus                 :                 1          
	   Disk (KB)            :        2        2          
	   Memory (MB)          :        0     1024          
...
000 (127454.000.000) 05/10 15:47:18 Job submitted from host: <192.168.100.50:50435>
...
001 (127454.000.000) 05/10 15:47:37 Job executing on host: <192.168.100.59:51381>
...
006 (127454.000.000) 05/10 15:47:46 Image size of job updated: 3762304
	669  -  MemoryUsage of job (MB)
	684660  -  ResidentSetSize of job (KB)
...
